xrun(64): 22.03-s012: (c) Copyright 1995-2023 Cadence Design Systems, Inc.
TOOL:	xrun(64)	22.03-s012: Started on Sep 23, 2026 at 16:15:33 KST
xrun
	-64bit
	+max_err_count+50
	+define+function_sim
	-access +rwc
	-profile
	-profthread
	+libext+.v
	../TESTBENCH/tb_uart_top.v
	../../RTL/baud_gen.v
	../../RTL/sync_fifo.v
	../../RTL/uart_rx.v
	../../RTL/uart_tx.v
	../../RTL/uart_top.v
	/GPDK045/digital/giolib045_v3.5/vlog/pads_FF_s1vg.v
	/GPDK045/digital/gsclib045_all_v4.4/gsclib045_svt_v4.4/gsclib045/verilog/slow_vdd1v0_basicCells.v
	-l func_sim.log
Loading snapshot worklib.tb_uart_top:v .................... Done
xcelium> source /tools/cadence/XCELIUM2203/tools/xcelium/files/xmsimrc
xcelium> run
---- Case 1 : 8 data bit, parity NONE, stop 1 ----
[PASS] sent 0xa5, received 0xa5
[PASS] sent 0x3c, received 0x3c
[PASS] sent 0x00, received 0x00
[PASS] sent 0xff, received 0xff
---- Case 2 : 8 data bit, parity EVEN, stop 1 ----
[PASS] sent 0x55, received 0x55
[PASS] sent 0x81, received 0x81
---- Case 3 : 8 data bit, parity ODD, stop 2 ----
[PASS] sent 0x7e, received 0x7e
[PASS] sent 0x01, received 0x01
---- Case 4 : 7 data bit, parity NONE, stop 1 ----
[PASS] sent 0x55, received 0x55
[PASS] sent 0x2a, received 0x2a

===== ALL TESTS PASSED =====
Simulation complete via $finish(1) at time 134410 NS + 0
../TESTBENCH/tb_uart_top.v:215         $finish;
xcelium> exit
TOOL:	xrun(64)	22.03-s012: Exiting on Sep 23, 2026 at 16:15:33 KST  (total: 00:00:00)
